// Jest Snapshot v1, https://goo.gl/fbAQLP

exports[`<Profile /> matches snapshot 1`] = `
<Profile
  name="박찬종"
  username="chanjong"
>
  <div>
    <b>
      chanjong
    </b>
     
    <span>
      (
      박찬종
      )
    </span>
  </div>
</Profile>
`;
